make  check-recursive
make[1]: Entering directory '/home/runner/work/trexio/trexio'
make[2]: Entering directory '/home/runner/work/trexio/trexio'
make  tests/open_text tests/io_num_text tests/io_dset_float_text tests/io_dset_int_text tests/io_dset_sparse_text tests/io_determinant_text tests/io_jastrow_text tests/io_safe_dset_float_text tests/io_str_text tests/io_dset_str_text tests/delete_group_text tests/overwrite_all_text tests/io_all tests/pre_close  tests/test_f
make[3]: Entering directory '/home/runner/work/trexio/trexio'
depbase=`echo tests/open_text.o | sed 's|[^/]*$|.deps/&|;s|\.o$||'`;\
gcc -DHAVE_CONFIG_H -I. -I./include  -I./src -I./include   -g -O2 -fPIC -MT tests/open_text.o -MD -MP -MF $depbase.Tpo -c -o tests/open_text.o tests/open_text.c &&\
mv -f $depbase.Tpo $depbase.Po
/bin/bash ./libtool  --tag=CC   --mode=link gcc  -g -O2 -fPIC   -o tests/open_text tests/open_text.o src/libtrexio.la -lm  
libtool: link: gcc -g -O2 -fPIC -o tests/.libs/open_text tests/open_text.o  src/.libs/libtrexio.so -lm
depbase=`echo tests/io_num_text.o | sed 's|[^/]*$|.deps/&|;s|\.o$||'`;\
gcc -DHAVE_CONFIG_H -I. -I./include  -I./src -I./include   -g -O2 -fPIC -MT tests/io_num_text.o -MD -MP -MF $depbase.Tpo -c -o tests/io_num_text.o tests/io_num_text.c &&\
mv -f $depbase.Tpo $depbase.Po
/bin/bash ./libtool  --tag=CC   --mode=link gcc  -g -O2 -fPIC   -o tests/io_num_text tests/io_num_text.o src/libtrexio.la -lm  
libtool: link: gcc -g -O2 -fPIC -o tests/.libs/io_num_text tests/io_num_text.o  src/.libs/libtrexio.so -lm
depbase=`echo tests/io_dset_float_text.o | sed 's|[^/]*$|.deps/&|;s|\.o$||'`;\
gcc -DHAVE_CONFIG_H -I. -I./include  -I./src -I./include   -g -O2 -fPIC -MT tests/io_dset_float_text.o -MD -MP -MF $depbase.Tpo -c -o tests/io_dset_float_text.o tests/io_dset_float_text.c &&\
mv -f $depbase.Tpo $depbase.Po
/bin/bash ./libtool  --tag=CC   --mode=link gcc  -g -O2 -fPIC   -o tests/io_dset_float_text tests/io_dset_float_text.o src/libtrexio.la -lm  
libtool: link: gcc -g -O2 -fPIC -o tests/.libs/io_dset_float_text tests/io_dset_float_text.o  src/.libs/libtrexio.so -lm
depbase=`echo tests/io_dset_int_text.o | sed 's|[^/]*$|.deps/&|;s|\.o$||'`;\
gcc -DHAVE_CONFIG_H -I. -I./include  -I./src -I./include   -g -O2 -fPIC -MT tests/io_dset_int_text.o -MD -MP -MF $depbase.Tpo -c -o tests/io_dset_int_text.o tests/io_dset_int_text.c &&\
mv -f $depbase.Tpo $depbase.Po
/bin/bash ./libtool  --tag=CC   --mode=link gcc  -g -O2 -fPIC   -o tests/io_dset_int_text tests/io_dset_int_text.o src/libtrexio.la -lm  
libtool: link: gcc -g -O2 -fPIC -o tests/.libs/io_dset_int_text tests/io_dset_int_text.o  src/.libs/libtrexio.so -lm
depbase=`echo tests/io_dset_sparse_text.o | sed 's|[^/]*$|.deps/&|;s|\.o$||'`;\
gcc -DHAVE_CONFIG_H -I. -I./include  -I./src -I./include   -g -O2 -fPIC -MT tests/io_dset_sparse_text.o -MD -MP -MF $depbase.Tpo -c -o tests/io_dset_sparse_text.o tests/io_dset_sparse_text.c &&\
mv -f $depbase.Tpo $depbase.Po
/bin/bash ./libtool  --tag=CC   --mode=link gcc  -g -O2 -fPIC   -o tests/io_dset_sparse_text tests/io_dset_sparse_text.o src/libtrexio.la -lm  
libtool: link: gcc -g -O2 -fPIC -o tests/.libs/io_dset_sparse_text tests/io_dset_sparse_text.o  src/.libs/libtrexio.so -lm
depbase=`echo tests/io_determinant_text.o | sed 's|[^/]*$|.deps/&|;s|\.o$||'`;\
gcc -DHAVE_CONFIG_H -I. -I./include  -I./src -I./include   -g -O2 -fPIC -MT tests/io_determinant_text.o -MD -MP -MF $depbase.Tpo -c -o tests/io_determinant_text.o tests/io_determinant_text.c &&\
mv -f $depbase.Tpo $depbase.Po
/bin/bash ./libtool  --tag=CC   --mode=link gcc  -g -O2 -fPIC   -o tests/io_determinant_text tests/io_determinant_text.o src/libtrexio.la -lm  
libtool: link: gcc -g -O2 -fPIC -o tests/.libs/io_determinant_text tests/io_determinant_text.o  src/.libs/libtrexio.so -lm
depbase=`echo tests/io_jastrow_text.o | sed 's|[^/]*$|.deps/&|;s|\.o$||'`;\
gcc -DHAVE_CONFIG_H -I. -I./include  -I./src -I./include   -g -O2 -fPIC -MT tests/io_jastrow_text.o -MD -MP -MF $depbase.Tpo -c -o tests/io_jastrow_text.o tests/io_jastrow_text.c &&\
mv -f $depbase.Tpo $depbase.Po
/bin/bash ./libtool  --tag=CC   --mode=link gcc  -g -O2 -fPIC   -o tests/io_jastrow_text tests/io_jastrow_text.o src/libtrexio.la -lm  
libtool: link: gcc -g -O2 -fPIC -o tests/.libs/io_jastrow_text tests/io_jastrow_text.o  src/.libs/libtrexio.so -lm
depbase=`echo tests/io_safe_dset_float_text.o | sed 's|[^/]*$|.deps/&|;s|\.o$||'`;\
gcc -DHAVE_CONFIG_H -I. -I./include  -I./src -I./include   -g -O2 -fPIC -MT tests/io_safe_dset_float_text.o -MD -MP -MF $depbase.Tpo -c -o tests/io_safe_dset_float_text.o tests/io_safe_dset_float_text.c &&\
mv -f $depbase.Tpo $depbase.Po
/bin/bash ./libtool  --tag=CC   --mode=link gcc  -g -O2 -fPIC   -o tests/io_safe_dset_float_text tests/io_safe_dset_float_text.o src/libtrexio.la -lm  
libtool: link: gcc -g -O2 -fPIC -o tests/.libs/io_safe_dset_float_text tests/io_safe_dset_float_text.o  src/.libs/libtrexio.so -lm
depbase=`echo tests/io_str_text.o | sed 's|[^/]*$|.deps/&|;s|\.o$||'`;\
gcc -DHAVE_CONFIG_H -I. -I./include  -I./src -I./include   -g -O2 -fPIC -MT tests/io_str_text.o -MD -MP -MF $depbase.Tpo -c -o tests/io_str_text.o tests/io_str_text.c &&\
mv -f $depbase.Tpo $depbase.Po
/bin/bash ./libtool  --tag=CC   --mode=link gcc  -g -O2 -fPIC   -o tests/io_str_text tests/io_str_text.o src/libtrexio.la -lm  
libtool: link: gcc -g -O2 -fPIC -o tests/.libs/io_str_text tests/io_str_text.o  src/.libs/libtrexio.so -lm
depbase=`echo tests/io_dset_str_text.o | sed 's|[^/]*$|.deps/&|;s|\.o$||'`;\
gcc -DHAVE_CONFIG_H -I. -I./include  -I./src -I./include   -g -O2 -fPIC -MT tests/io_dset_str_text.o -MD -MP -MF $depbase.Tpo -c -o tests/io_dset_str_text.o tests/io_dset_str_text.c &&\
mv -f $depbase.Tpo $depbase.Po
/bin/bash ./libtool  --tag=CC   --mode=link gcc  -g -O2 -fPIC   -o tests/io_dset_str_text tests/io_dset_str_text.o src/libtrexio.la -lm  
libtool: link: gcc -g -O2 -fPIC -o tests/.libs/io_dset_str_text tests/io_dset_str_text.o  src/.libs/libtrexio.so -lm
depbase=`echo tests/delete_group_text.o | sed 's|[^/]*$|.deps/&|;s|\.o$||'`;\
gcc -DHAVE_CONFIG_H -I. -I./include  -I./src -I./include   -g -O2 -fPIC -MT tests/delete_group_text.o -MD -MP -MF $depbase.Tpo -c -o tests/delete_group_text.o tests/delete_group_text.c &&\
mv -f $depbase.Tpo $depbase.Po
/bin/bash ./libtool  --tag=CC   --mode=link gcc  -g -O2 -fPIC   -o tests/delete_group_text tests/delete_group_text.o src/libtrexio.la -lm  
libtool: link: gcc -g -O2 -fPIC -o tests/.libs/delete_group_text tests/delete_group_text.o  src/.libs/libtrexio.so -lm
depbase=`echo tests/overwrite_all_text.o | sed 's|[^/]*$|.deps/&|;s|\.o$||'`;\
gcc -DHAVE_CONFIG_H -I. -I./include  -I./src -I./include   -g -O2 -fPIC -MT tests/overwrite_all_text.o -MD -MP -MF $depbase.Tpo -c -o tests/overwrite_all_text.o tests/overwrite_all_text.c &&\
mv -f $depbase.Tpo $depbase.Po
/bin/bash ./libtool  --tag=CC   --mode=link gcc  -g -O2 -fPIC   -o tests/overwrite_all_text tests/overwrite_all_text.o src/libtrexio.la -lm  
libtool: link: gcc -g -O2 -fPIC -o tests/.libs/overwrite_all_text tests/overwrite_all_text.o  src/.libs/libtrexio.so -lm
depbase=`echo tests/io_all.o | sed 's|[^/]*$|.deps/&|;s|\.o$||'`;\
gcc -DHAVE_CONFIG_H -I. -I./include  -I./src -I./include   -g -O2 -fPIC -MT tests/io_all.o -MD -MP -MF $depbase.Tpo -c -o tests/io_all.o tests/io_all.c &&\
mv -f $depbase.Tpo $depbase.Po
/bin/bash ./libtool  --tag=CC   --mode=link gcc  -g -O2 -fPIC   -o tests/io_all tests/io_all.o src/libtrexio.la -lm  
libtool: link: gcc -g -O2 -fPIC -o tests/.libs/io_all tests/io_all.o  src/.libs/libtrexio.so -lm
depbase=`echo tests/pre_close.o | sed 's|[^/]*$|.deps/&|;s|\.o$||'`;\
gcc -DHAVE_CONFIG_H -I. -I./include  -I./src -I./include   -g -O2 -fPIC -MT tests/pre_close.o -MD -MP -MF $depbase.Tpo -c -o tests/pre_close.o tests/pre_close.c &&\
mv -f $depbase.Tpo $depbase.Po
/bin/bash ./libtool  --tag=CC   --mode=link gcc  -g -O2 -fPIC   -o tests/pre_close tests/pre_close.o src/libtrexio.la -lm  
libtool: link: gcc -g -O2 -fPIC -o tests/.libs/pre_close tests/pre_close.o  src/.libs/libtrexio.so -lm
gfortran  -g -O2 -ffree-form -fPIC -c -o tests/test_f.o  tests/test_f.f90
/bin/bash ./libtool  --tag=FC   --mode=link gfortran  -g -O2 -ffree-form -fPIC   -o tests/test_f tests/trexio_f.o tests/test_f.o src/libtrexio.la -lm  
libtool: link: gfortran -g -O2 -ffree-form -fPIC -o tests/.libs/test_f tests/trexio_f.o tests/test_f.o  src/.libs/libtrexio.so -lm
make[3]: Leaving directory '/home/runner/work/trexio/trexio'
make  check-TESTS
make[3]: Entering directory '/home/runner/work/trexio/trexio'
make[4]: Entering directory '/home/runner/work/trexio/trexio'
PASS: tests/open_text
PASS: tests/io_num_text
PASS: tests/io_dset_float_text
PASS: tests/io_dset_int_text
PASS: tests/io_dset_sparse_text
PASS: tests/io_determinant_text
PASS: tests/io_jastrow_text
PASS: tests/io_safe_dset_float_text
PASS: tests/io_str_text
PASS: tests/io_dset_str_text
PASS: tests/delete_group_text
PASS: tests/overwrite_all_text
PASS: tests/io_all
PASS: tests/pre_close
PASS: tests/test_f
============================================================================
Testsuite summary for trexio 2.5.2
============================================================================
# TOTAL: 15
# PASS:  15
# SKIP:  0
# XFAIL: 0
# FAIL:  0
# XPASS: 0
# ERROR: 0
============================================================================
make[4]: Leaving directory '/home/runner/work/trexio/trexio'
make[3]: Leaving directory '/home/runner/work/trexio/trexio'
make[2]: Leaving directory '/home/runner/work/trexio/trexio'
make[1]: Leaving directory '/home/runner/work/trexio/trexio'
